border_size=1
usage=map

Xu          , Xu          , Xu          , Xu          , Xu          , Xu          , Xu          , Xu          , Xu          , Xu          , Xu          , Xu          , Xu          , Uu          , Uu          , Ur          , Ur          , Uu          , Uu          , Xu          , Xu          , Xu          , Xu          , Xu          , Xu          , Xu          , Xu          , Xu          , Xu          , Xu          , Xu          , Qlf         , Xu          , Xu          , Xu          , Xu          , Xu          , Xu          , Xu          , Xu          , Xu          , Xu          , Xu          , Xu          , Xu          , Xu          , Xu          , Xu          , Xu          , Xu          , Xu          , Xu          , Xu          , Xu          , Xu          , Xu          , Xu          , Xu          , Xu          , Xu          , Xu          , Xu          , Xu
Xu          , Xu          , Xu          , Xu          , Uh          , Xu          , Uh          , Xu          , Xu          , Xu          , Uu^Uf       , Xu          , Uu          , Uh          , Ur          , Ur          , Ur          , Uh          , Xu          , Xu          , Xu          , Xu          , Xu          , Xu          , Xu          , Xu          , Xu          , Xu          , Xu          , Xu          , Xu          , Qlf         , Xu          , Xu          , Xu          , Xu          , Xu          , Xu          , Xu          , Xu          , Xu          , Xu          , Xu          , Xu          , Xu          , Xu          , Xu          , Xu          , Xu          , Xu          , Xu          , Xu          , Xu          , Xu          , Xu          , Xu          , Xu          , Xu          , Xu          , Xu          , Xu          , Xu          , Xu
Xu          , Xu          , Uh          , Uu          , Uu          , Uu          , Uu          , Uh          , Uu^Uf       , Uh          , Uh          , Uh          , Uu          , Uu^Uf       , Ur          , Ur          , Uu          , Xu          , Uu^Uf       , Xu          , Uh          , Uh          , Uh          , Uu^Uf       , Uu^Uf       , Uu          , Uu          , Xu          , Xu          , Xu          , Xu          , Qlf         , Xu          , Xu          , Xu          , Xu          , Xu          , Xu          , Xu          , Xu          , Xu          , Xu          , Xu          , Xu          , Xu          , Xu          , Xu          , Xu          , Xu          , Xu          , Xu          , Xu          , Xu          , Xu          , Xu          , Xu          , Xu          , Xu          , Xu          , Xu          , Xu          , Xu          , Xu
Xu          , Xu          , Xu          , Uh          , Uu^Uf       , Uu          , Uu          , Uu^Uf       , Uu^Uf       , Uu          , Uu          , Uu          , Uu          , Ur          , Ur          , Ur          , Uu^Uf       , Xu          , Uh          , Uu          , Uu          , Uh          , Uu          , Uh          , Uu          , Uh          , Uu^Uf       , Uu          , Xu          , Xu          , Xu          , Qlf         , Xu          , Xu          , Xu          , Xu          , Xu          , Xu          , Xu          , Xu          , Xu          , Xu          , Xu          , Xu          , Xu          , Xu          , Xu          , Xu          , Xu          , Xu          , Xu          , Xu          , Xu          , Xu          , Xu          , Xu          , Xu          , Xu          , Xu          , Xu          , Xu          , Xu          , Xu
Xu          , Xu          , Uu^Uf       , Uu          , Uu^Uf       , Uh          , Uu          , Uh          , Uh          , Uu          , Uu^Uf       , Uh          , Uh          , Ur          , Ur          , Uh          , Uu          , Uh          , Uu          , Uu          , Uu^Uf       , Uu          , Uu          , Uh          , Uu^Uf       , Uh          , Uu          , Uu          , Xu          , Xu          , Xu          , Qlf         , Xu          , Xu          , Xu          , Xu          , Xu          , Xu          , Xu          , Xu          , Xu          , Xu          , Xu          , Xu          , Xu          , Xu          , Xu          , Xu          , Xu          , Xu          , Xu          , Xu          , Xu          , Xu          , Xu          , Xu          , Xu          , Xu          , Xu          , Xu          , Xu          , Xu          , Xu
Xu          , Xu          , Uh          , Uu          , Uu          , Uu          , Uu          , Xu          , Xu          , Xu          , Xu          , Uu          , Xu          , Ur          , Ur          , Ur          , Ur          , Uu          , Uh          , Uu^Uf       , Uh          , Xu          , Xu          , Uu          , Uu          , Uu          , Uu^Uf       , Uu^Uf       , Xu          , Xu          , Xu          , Qlf         , Xu          , Xu          , Xu          , Xu          , Xu          , Xu          , Xu          , Xu          , Xu          , Xu          , Xu          , Xu          , Xu          , Xu          , Xu          , Xu          , Xu          , Xu          , Xu          , Xu          , Xu          , Xu          , Xu          , Xu          , Xu          , Xu          , Xu          , Xu          , Xu          , Xu          , Xu
Xu          , Xu          , Uh          , Uu          , Uh          , Uh          , Uu          , Xu          , Uu^Uf       , Xu          , Uu          , Xu          , Uu^Uf       , Uu^Vud      , Uu^Uf       , Ur          , Ur          , Uu          , Xu          , Xu          , Xu          , Xu          , Xu          , Xu          , Uh          , Uu          , Uu          , Uu          , Uh          , Xu          , Xu          , Qlf         , Xu          , Xu          , Xu          , Xu          , Xu          , Xu          , Xu          , Xu          , Xu          , Xu          , Xu          , Xu          , Xu          , Xu          , Xu          , Xu          , Xu          , Xu          , Xu          , Xu          , Xu          , Xu          , Xu          , Xu          , Xu          , Xu          , Xu          , Xu          , Xu          , Xu          , Xu
Xu          , Xu          , Xu          , Uu^Uf       , Uu^Uf       , Uu          , Uu^Uf       , Uu          , Uu          , Uh          , Uu          , Uh          , Uu          , Uu          , Ur          , Ur          , Ur          , Xu          , Xu          , Xu          , Xu          , Xu          , Xu          , Xu          , Uu          , Uu          , Uu          , Uh          , Uu^Uf       , Xu          , Xu          , Qlf         , Xu          , Xu          , Xu          , Xu          , Xu          , Xu          , Xu          , Xu          , Xu          , Xu          , Xu          , Xu          , Xu          , Xu          , Xu          , Xu          , Xu          , Xu          , Uu^Uf       , Uu          , Uu^Vu       , Xu          , Uh          , Xu          , Uu^Uf       , Xu          , Xu          , Xu          , Xu          , Xu          , Xu
Xu          , Xu          , Xu          , Xu          , Uh          , Uu          , Uh          , Uu          , Uu          , Uu          , Uu          , Uu          , Uu          , Uu          , Ur          , Ur          , Uu          , Xu          , Xu          , Xu          , Xu          , Xu          , Xu          , Uh          , Uu          , Uh          , Uu          , Uu^Uf       , Xu          , Xu          , Xu          , Qlf         , Xu          , Xu          , Xu          , Xu          , Xu          , Xu          , Xu          , Xu          , Xu          , Xu          , Xu          , Xu          , Xu          , Xu          , Uh          , Uu          , Ur          , Uu          , Uu          , Ur          , Ur          , Uh          , Ur          , Uu          , Ur          , Uu          , Xu          , Xu          , Xu          , Xu          , Xu
Xu          , Xu          , Xu          , Xu          , Xu          , Xu          , Xu          , Uh          , Xu          , Uu^Uf       , Xu          , Uu^Uf       , Uu^Uf       , Uh          , Ur          , Ur          , Uu^Uf       , Uh          , Xu          , Xu          , Xu          , Xu          , Xu          , Uh          , Uu          , Uu^Uf       , Uh          , Uu          , Xu          , Xu          , Xu          , Qlf         , Xu          , Xu          , Xu          , Xu          , Xu          , Xu          , Xu          , Xu          , Xu          , Xu          , Xu          , Xu          , Uh          , Uu          , Uu          , Ur          , Uu          , Ur          , Uu          , Uu^Uf       , Ur          , Ur          , Uu          , Ur          , Uu          , Uh          , Xu          , Xu          , Xu          , Xu          , Xu
Xu          , Xu          , Xu          , Xu          , Xu          , Xu          , Xu          , Xu          , Xu          , Xu          , Xu          , Xu          , Uu          , Uh          , Ur          , Ur          , Cud         , Cud         , Xu          , Xu          , Xu          , Xu          , Uu^Uf       , Uu^Uf       , Uu          , Uu          , Uu          , Uu          , Xu          , Xu          , Xu          , Qlf         , Xu          , Xu          , Xu          , Xu          , Xu          , Xu          , Xu          , Xu          , Xu          , Xu          , Xu          , Xu          , Uh          , Ur          , Xu          , Xu          , Uh          , Uh          , Uu          , Uu          , Uu          , Uh          , Uu^Uf       , Uh          , Xu          , Xu          , Xu          , Xu          , Xu          , Xu          , Xu
Qxu         , Xu          , Qxu         , Xu          , Xu          , Xu          , Xu          , Xu          , Xu          , Xu          , Xu          , Uu^Uf       , Uu          , Ur          , Ur          , Ur          , Cud         , 9 Kud       , Cud         , Xu          , Xu          , Xu          , Uh          , Uu          , Uu          , Uu^Uf       , Uu          , Uh          , Xu          , Xu          , Xu          , Qlf         , Xu          , Xu          , Xu          , Xu          , Xu          , Xu          , Xu          , Xu          , Xu          , Uu^Vu       , Ur          , Uu          , Uu          , Ur          , Xu          , Xu          , Uh          , Uu^Uf       , Ur          , Ur          , Ql          , Ql          , Xu          , Xu          , Xu          , Xu          , Xu          , Xu          , Xu          , Xu          , Xu
Qxu         , Qxu         , Qxu         , Qxu         , Qxu         , Qxu         , Qxu         , Xu          , Qxu         , Xu          , Uu^Uf       , Uu          , Uu          , Ur          , Ur          , Uu          , Cud         , Cud         , Cud         , Uu^Vud      , Uu          , Uh          , Uu          , Uu          , Uh          , Uu          , Xu          , Xu          , Xu          , Xu          , Xu          , Qlf         , Xu          , Xu          , Xu          , Xu          , Xu          , Xu          , Xu          , 5 Kh        , Ch          , Ur          , Uu          , Ur          , Ql          , Ql          , Ql          , Ql          , Uh          , Uu^Uf       , Uu          , Uu          , Uu          , Ql          , Uh          , Xu          , Xu          , Xu          , Xu          , Xu          , Xu          , Xu          , Xu
Qxu         , Qxu         , Xu          , Qxu         , Qxu         , Qxu         , Qxu         , Qxu         , Qxu         , Uu          , Cud         , Uh          , Uu          , Uh          , Ur          , Ur          , Uh          , Uu          , Uu          , Uu          , Uh          , Uu          , Uu^Uf       , Uu^Uf       , Uu          , Uu          , Xu          , Xu          , Xu          , Xu          , Xu          , Qlf         , Xu          , Xu          , Xu          , Xu          , Xu          , Xu          , Uu^Uf       , Chr         , Ur          , Ur          , Uh          , Ql          , Ql          , Ql          , Ql          , Ql          , Uh          , Ur          , Uu^Uf       , Uu^Vu       , Uu^Uf       , Uh          , 6 Khr       , Xu          , Xu          , Xu          , Xu          , Xu          , Xu          , Xu          , Xu
Qxu         , Xu          , Xu          , Xu          , Xu          , Xu          , Uu          , Qxu         , Qxu         , Qxu         , Uh          , Uu^Vud      , Uu^Uf       , Uu          , Uu          , Ur          , Ur          , Uu^Uf       , Xu          , Xu          , Uu^Uf       , Uh          , Uu          , Uu^Uf       , Uh          , Uh          , Qxu         , Xu          , Xu          , Xu          , Xu          , Qlf         , Xu          , Xu          , Xu          , Xu          , Xu          , Uu^Uf       , Uh          , Uu          , Uu          , Uh          , Uu          , Ql          , Ql          , Uh          , Uu          , Ql          , Uu          , Ur          , Uu          , Ur          , Ur          , Chr         , Ch          , Xu          , Xu          , Xu          , Xu          , Xu          , Xu          , Xu          , Xu
Xu          , Xu          , Cud         , Cud         , Cud         , Uh          , Uu          , Uh          , Qxu         , Qxu         , Cud         , Uu^Uf       , Uu          , Uh          , Uu^Uf       , Ur          , Ur          , Uu          , Uu          , Uh          , Uu          , Uu          , Cud         , Uu^Uf       , Uu          , Cud         , Qxu         , Qxu         , Xu          , Xu          , Xu          , Qlf         , Xu          , Xu          , Xu          , Xu          , Xu          , Uu          , Ql          , Ql          , Ql^Bs|      , Ql          , Ql          , Ql          , Ql          , Ql          , Ql          , Ql          , Ur          , Ur          , Uu          , Uh          , Ql          , Uu          , Ql          , Ql          , Xu          , Xu          , Xu          , Xu          , Xu          , Xu          , Xu
Xu          , Xu          , Cud         , 3 Kud       , Cud         , Uu^Vu       , Uu          , Uu^Uf       , Uu          , Qxu         , Qxu         , Qxu         , Uh          , Uu          , Ur          , Ur          , Cud         , Ur          , Uu          , Uu          , Uu^Uf       , Uh          , Qxu         , Qxu         , Qxu         , Qxu         , Xu          , Qxu         , Xu          , Xu          , Xu          , Qlf         , Xu          , Xu          , Xu          , Xu          , Ql          , Ql          , Uh          , Cud         , Ur          , Ql          , Ql          , Ql          , Uu          , Uh          , Ur          , Ql^Bs/      , Ql          , Ur          , Ql^Bs\      , Ql          , Uh          , Ql          , Ql          , Xu          , Xu          , Xu          , Xu          , Xu          , Xu          , Xu          , Xu
Xu          , Xu          , Uu^Uf       , Uh          , Uu          , Uu^Uf       , Uu          , Uh          , Uu^Uf       , Qxu         , Qxu         , Qxu         , Qxu         , Cud         , Ur          , Uh          , Qxu         , Qxu^Bs|     , Qxu         , Cud         , Qxu         , Qxu         , Qxu         , Qxu         , Xu          , Xu          , Xu          , Xu          , Xu          , Xu          , Xu          , Qlf         , Xu          , Xu          , Xu          , Xu          , Ql          , Ql          , Uu          , Ur          , Uu^Uf       , Uh          , Ql          , Uh          , Uu^Uf       , Ur          , Uh          , Cud         , Uu          , Ql          , Uh          , Ur          , Uu          , Xu          , Xu          , Xu          , Xu          , Xu          , Xu          , Xu          , Xu          , Xu          , Xu
Xu          , Xu          , Xu          , Uu          , Uu          , Uh          , Uu          , Uu^Uf       , Qxu         , Qxu         , Uu^Uf       , Qxu         , Qxu         , Qxu         , Qxu         , Qxu^Bs\     , Ur          , Ur          , Qxu         , Qxu         , Qxu         , Qxu         , Qxu         , Qxu         , 4 Kud       , Cud         , Xu          , Xu          , Xu          , Xu          , Xu          , Qlf         , Xu          , Xu          , Xu          , Ql          , Ql          , Uh          , Ur          , Uu^Vu       , Ql          , Ql          , Xu          , Xu          , Ur          , Ur          , Uu          , Uh          , Uu^Uf       , Uu          , Uu^Uf       , Uu          , Uu          , Uh          , Uu^Uf       , Xu          , Xu          , Xu          , Xu          , Xu          , Xu          , Xu          , Xu
Xu          , Xu          , Uh          , Uu^Uf       , Uu          , Uu          , Xu          , Qxu         , Uh          , Uu^Uf       , Uh          , Qxu         , Qxu         , Qxu         , Qxu         , Qxu         , Qxu         , Qxu         , Qxu         , Qxu         , Qxu         , Qxu         , Qxu         , Cud         , Cud         , Cud         , Uh          , Xu          , Xu          , Xu          , Xu          , Qlf         , Xu          , Xu          , Xu          , Xu          , Xu          , Uu          , Ur          , Uu^Uf       , Ql          , Ql          , Ql          , Xu          , Uu          , Uh          , Ql          , Ql          , Ql          , Uu^Vu       , Ur          , Ur          , Uu^Uf       , Uu          , Xu          , Xu          , Xu          , Xu          , Xu          , Xu          , Xu          , Xu          , Xu
Xu          , Xu          , Xu          , Uu          , Xu          , Xu          , Uu          , Uh          , Uu          , Uu^Uf       , Uh          , Qxu         , Qxu         , Qxu         , Qxu         , Qxu         , Qxu         , Ur          , Qxu         , Qxu         , Qxu         , Qxu         , Qxu         , Uu^Vu       , Uu^Uf       , Cud         , Uh          , Uh          , Uu^Uf       , Xu          , Xu          , Qlf         , Xu          , Xu          , Xu          , Xu          , Xu          , Uh          , Uu          , Uu          , Uh          , Ql          , Uu          , Ql          , Ur          , Uu^Vu       , Uu^Uf       , Uh          , Ur          , Ur          , Uu^Uf       , Uu          , Uu          , Xu          , Xu          , Xu          , Xu          , Xu          , Xu          , Xu          , Xu          , Xu          , Xu
Xu          , Xu          , Xu          , Xu          , Uu          , Uu^Dr       , Ur          , Uu          , Ur          , Uu          , Uu          , Uh          , Uu          , Uh          , Qxu         , Qxu         , Uu          , Qxu^Bs|     , Qxu         , Qxu         , Qxu         , Qxu         , Uu^Uf       , Uu          , Uu          , Uu          , Uh          , Uu^Uf       , Uu          , Uu          , Xu          , Qlf         , Xu          , Xu          , Xu          , Xu          , Xu          , Xu          , Uu          , Ur          , Ur          , Uh          , Ur          , Ur          , Uh          , Ur          , Uu          , Ur          , Uu          , Uh          , Xu          , Xu          , Xu          , Xu          , Xu          , Xu          , Xu          , Xu          , Xu          , Xu          , Xu          , Xu          , Xu
Xu          , Xu          , Uh          , Xu          , Uu          , Uu          , Uh          , Uu          , Uh          , Ur          , Uu          , Uh          , Uh          , Cud         , Ur          , Qxu^Bs/     , Qxu^Bs/     , Ur          , Qxu         , Qxu         , Qxu         , Qxu         , Qxu         , Uh          , Uh          , Uu          , Uh          , Uu          , Uh          , Xu          , Xu          , Qlf         , Xu          , Xu          , Xu          , Xu          , Xu          , Xu          , Ke          , Ce          , Uh          , Ur          , Uu          , Uh          , Uu          , Uu          , Uh          , Uu          , Uu          , Uu          , Xu          , Xu          , Xu          , Xu          , Xu          , Xu          , Xu          , Xu          , Xu          , Xu          , Xu          , Xu          , Xu
Xu          , Xu          , Uh          , Uu          , Uu^Uf       , Xu          , Xu          , Uu^Uf       , Uu          , Uu          , Ur          , Uu^Uf       , Uu          , Uu          , Ur          , Ur          , Cud         , Qxu         , Qxu         , Qxu         , Qxu         , Qxu         , Qxu         , Uu^Uf       , Qxu         , Uu          , Uu          , Uu^Uf       , Uu^Uf       , Xu          , Xu          , Qlf         , Xu          , Xu          , Xu          , Xu          , Xu          , Xu          , Xu          , Ce          , Xu          , Uu          , Xu          , Uu          , Uh          , Uu          , Uu^Uf       , Uu^Uf       , Uu^Uf       , Xu          , Xu          , Xu          , Xu          , Xu          , Xu          , Xu          , Xu          , Xu          , Xu          , Xu          , Xu          , Xu          , Xu
Xu          , Xu          , Uu^Vu       , Uu^Uf       , Xu          , Xu          , Xu          , Xu          , Uu          , Uu          , Uh          , Ur          , Ur          , Uh          , Ur          , Ur          , Ur          , Uu          , Ur          , Uh          , Uu^Uf       , Uh          , Qxu         , Qxu         , Qxu         , Uu^Uf       , Uu          , Uu          , Uu^Uf       , Uu^Uf       , Xu          , Qlf         , Xu          , Xu          , Xu          , Xu          , Xu          , Xu          , Xu          , Xu          , Xu          , Xu          , Xu          , Xu          , Xu          , Xu          , Xu          , Uh          , Xu          , Xu          , Xu          , Xu          , Xu          , Xu          , Xu          , Xu          , Xu          , Xu          , Xu          , Xu          , Xu          , Xu          , Xu
Xu          , Xu          , Xu          , Xu          , Xu          , Xu          , Xu          , Xu          , Uh          , Uu          , Ur          , Ur          , Ur          , Ur          , Ur          , Ur          , Uu          , Ur          , Uu          , Ur          , Ur          , Uu^Uf       , Uh          , Qxu         , Qxu         , Xu          , Xu          , Uh          , Xu          , Uu          , Xu          , Qlf         , Xu          , Xu          , Xu          , Xu          , Xu          , Xu          , Xu          , Xu          , Xu          , Xu          , Xu          , Xu          , Xu          , Xu          , Xu          , Xu          , Xu          , Xu          , Xu          , Xu          , Xu          , Xu          , Xu          , Xu          , Xu          , Xu          , Xu          , Xu          , Xu          , Xu          , Xu
Xu          , Xu          , Xu          , Xu          , Xu          , Xu          , Xu          , Uu^Uf       , Uu^Uf       , Uu          , Ur          , Ur          , Uu          , Ur          , Uu          , Ur          , Uu^Vud      , Uu^Uf       , Uh          , Uu          , Ur          , Uu^Uf       , Ur          , Uu          , Ur          , Uu^Dr       , Uu          , Xu          , Xu          , Xu          , Xu          , Qlf         , Xu          , Xu          , Xu          , Xu          , Xu          , Xu          , Xu          , Xu          , Xu          , Xu          , Xu          , Xu          , Xu          , Xu          , Xu          , Xu          , Xu          , Xu          , Xu          , Xu          , Xu          , Xu          , Xu          , Xu          , Xu          , Xu          , Xu          , Xu          , Xu          , Xu          , Xu
Xu          , Xu          , Xu          , Xu          , Xu          , Xu          , Xu          , Xu          , Uu^Vud      , Uu          , Ur          , Uh          , Uu          , Uu^Uf       , Xu          , Cud         , Cud         , Uh          , Uh          , Uu          , Xu          , Uu          , Uh          , Ur          , Uu          , Uu          , Uu^Uf       , Uh          , Uu^Uf       , Xu          , Xu          , Qlf         , Xu          , Xu          , Xu          , Xu          , Xu          , Xu          , Xu          , Xu          , Xu          , Xu          , Xu          , Xu          , Xu          , Xu          , Xu          , Xu          , Xu          , Xu          , Xu          , Xu          , Xu          , Xu          , Xu          , Xu          , Xu          , Xu          , Xu          , Xu          , Xu          , Xu          , Xu
Xu          , Xu          , Xu          , Xu          , Xu          , Xu          , Xu          , Uh          , Ur          , Ur          , Ur          , Uu          , Uu^Uf       , Uh          , Xu          , 2 Kud       , Cud         , Cud         , Xu          , Xu          , Xu          , Xu          , Uu^Uf       , Uu          , Uh          , Uh          , Xu          , Uh          , Xu          , Uh          , Xu          , Qlf         , Xu          , Xu          , Xu          , Xu          , Xu          , Xu          , Xu          , Xu          , Xu          , Xu          , Xu          , Xu          , Xu          , Xu          , Xu          , Xu          , Xu          , Xu          , Xu          , Xu          , Xu          , Xu          , Xu          , Xu          , Xu          , Xu          , Xu          , Xu          , Xu          , Xu          , Xu
Xu          , Xu          , Xu          , Xu          , Xu          , Xu          , Uu^Uf       , Uh          , Ur          , Ur          , Uu          , Uu          , Uh          , Xu          , Xu          , Xu          , Xu          , Ur          , Xu          , Xu          , Xu          , Xu          , Uh          , Uu          , Uu          , Xu          , Xu          , Xu          , Xu          , Xu          , Xu          , Qlf         , Xu          , Xu          , Xu          , Xu          , Xu          , Xu          , Xu          , Xu          , Xu          , Xu          , Xu          , Xu          , Xu          , Xu          , Xu          , Xu          , Xu          , Xu          , Xu          , Xu          , Xu          , Xu          , Xu          , Xu          , Xu          , Xu          , Xu          , Xu          , Xu          , Xu          , Xu
Xu          , Xu          , Uh          , Xu          , Ur          , Uu          , Ur          , Ur          , Ur          , Ur          , Uh          , Uu          , Uu          , Xu          , Xu          , Xu          , Xu          , Xu          , Xu          , Xu          , Uu          , Uh          , Uu          , Uh          , Uu^Uf       , Uu^Uf       , Uh          , Xu          , Xu          , Xu          , Xu          , Qlf         , Xu          , Xu          , Xu          , Xu          , Xu          , Xu          , Xu          , Xu          , Xu          , Xu          , Xu          , Xu          , Xu          , Xu          , Xu          , Xu          , Xu          , Xu          , Xu          , Xu          , Xu          , Xu          , Xu          , Xu          , Xu          , Xu          , Xu          , Xu          , Xu          , Xu          , Xu
Xu          , Xu          , Ur          , Uu          , Uu^Uf       , Ur          , Uu^Uf       , Uu          , Ur          , Ur          , Uu          , Uu^Uf       , Uu^Uf       , Uu          , Uu          , Uh          , Uh          , Uu          , Uu^Uf       , Uu          , Uu          , Uu^Uf       , Xu          , Uu          , Uu          , Uu^Uf       , Uh          , Xu          , Xu          , Xu          , Xu          , Qlf         , Xu          , Xu          , Xu          , Xu          , Xu          , Xu          , Xu          , Xu          , Xu          , Xu          , Xu          , Xu          , Xu          , Xu          , Xu          , Xu          , Xu          , Xu          , Xu          , Xu          , Xu          , Xu          , Xu          , Xu          , Xu          , Xu          , Xu          , Xu          , Xu          , Xu          , Xu
Uu          , Ur          , Uu          , Uh          , Xu          , Xu          , Uh          , Uu          , 1 Ur        , Ur          , Uh          , Xu          , Xu          , Uh          , Xu          , Uu          , Xu          , Uu          , Uh          , Uh          , Xu          , Xu          , Xu          , Xu          , Xu          , Uu^Vu       , Xu          , Xu          , Xu          , Xu          , Xu          , Qlf         , Xu          , Xu          , Xu          , Xu          , Xu          , Xu          , Xu          , Xu          , Xu          , Xu          , Xu          , Xu          , Xu          , Xu          , Xu          , Xu          , Xu          , Xu          , Xu          , Xu          , Xu          , Xu          , Xu          , Xu          , Xu          , Xu          , Xu          , Xu          , Xu          , Xu          , Xu
Ur          , Ur          , Xu          , Xu          , Xu          , Uh          , Uu^Uf       , Ur          , Ur          , Uh          , Uh          , Xu          , Xu          , Xu          , Xu          , Xu          , Xu          , Xu          , Xu          , Xu          , Xu          , Xu          , Xu          , Xu          , Xu          , Xu          , Xu          , Xu          , Xu          , Xu          , Xu          , Qlf         , Xu          , Xu          , Xu          , Xu          , Xu          , Xu          , Xu          , Xu          , Xu          , Xu          , Xu          , Xu          , Xu          , Xu          , Xu          , Xu          , Xu          , Xu          , Xu          , Xu          , Xu          , Xu          , Xu          , Xu          , Xu          , Xu          , Xu          , Xu          , Xu          , Xu          , Xu
Uu          , Xu          , Xu          , Xu          , Xu          , Uu          , Ur          , Ur          , Ur          , Uu          , Uu          , Xu          , Xu          , Xu          , Xu          , Xu          , Xu          , Xu          , Xu          , Xu          , Xu          , Xu          , Xu          , Xu          , Xu          , Xu          , Xu          , Xu          , Xu          , Xu          , Xu          , Qlf         , Xu          , Xu          , Xu          , Xu          , Xu          , Xu          , Xu          , Xu          , Xu          , Xu          , Xu          , Xu          , Xu          , Xu          , Xu          , Xu          , Xu          , Xu          , Xu          , Xu          , Xu          , Xu          , Xu          , Xu          , Xu          , Xu          , Xu          , Xu          , Xu          , Xu          , Xu
